// Jest Snapshot v1, https://goo.gl/fbAQLP

exports[`should test Header component 1`] = `
<div
  className="d-flex bg-dark text-white justify-content-center py-4"
>
  All Products
</div>
`;
