// Jest Snapshot v1, https://goo.gl/fbAQLP

exports[`should test Header component 1`] = `
<div
  className="input-group mb-3"
  style={
    Object {
      "width": "auto",
    }
  }
>
  <select
    aria-label="Default select example"
    className="form-select"
    id="pageselect"
    onChange={[Function]}
  >
    <option
      value="4"
    >
      4 per Page
    </option>
    <option
      value="8"
    >
      8 per Page
    </option>
    <option
      value="16"
    >
      16 per Page
    </option>
    <option
      value="32"
    >
      32 per Page
    </option>
    <option
      value="64"
    >
      64 per Page
    </option>
  </select>
</div>
`;
